// Jest Snapshot v1, https://goo.gl/fbAQLP

exports[`When the App component is created should render correctly 1`] = `
<div
  className="Autocomplete-client"
>
  <div
    className="Autocomplete-client__Navbar-container"
  >
    <div
      className="navbar"
    >
      <div
        className="navbar__options-container"
      >
        <div
          className="option-container__text"
          onClick={[Function]}
          style={
            Object {
              "color": "",
            }
          }
        >
          Search
        </div>
        <div
          className="option-container__text"
          onClick={[Function]}
          style={
            Object {
              "color": "",
            }
          }
        >
          Train
        </div>
        <div
          className="option-container__text"
          onClick={[Function]}
          style={
            Object {
              "color": "",
            }
          }
        >
          Search & Train
        </div>
      </div>
    </div>
  </div>
  <div
    className="Autocomplete-client__Input-container"
  >
    <div
      className="input-container"
    >
      <span
        className="input__icon-cntainer"
      >
        <svg
          aria-hidden="true"
          className="svg-inline--fa fa-search fa-w-16 "
          data-icon="search"
          data-prefix="fas"
          focusable="false"
          role="img"
          style={Object {}}
          viewBox="0 0 512 512"
          xmlns="http://www.w3.org/2000/svg"
        >
          <path
            d="M505 442.7L405.3 343c-4.5-4.5-10.6-7-17-7H372c27.6-35.3 44-79.7 44-128C416 93.1 322.9 0 208 0S0 93.1 0 208s93.1 208 208 208c48.3 0 92.7-16.4 128-44v16.3c0 6.4 2.5 12.5 7 17l99.7 99.7c9.4 9.4 24.6 9.4 33.9 0l28.3-28.3c9.4-9.4 9.4-24.6.1-34zM208 336c-70.7 0-128-57.2-128-128 0-70.7 57.2-128 128-128 70.7 0 128 57.2 128 128 0 70.7-57.2 128-128 128z"
            fill="currentColor"
            style={Object {}}
          />
        </svg>
      </span>
      <input
        className="input-container__input"
        onChange={[Function]}
        value=""
      />
    </div>
  </div>
  <div
    className="Autocomplete-client__Farley-container"
    style={
      Object {
        "marginLeft": "0px",
      }
    }
  >
    <div
      className="farley"
    >
      <img
        alt="Farley"
        className="farley__image-container"
        src="Farley.png"
      />
      <div
        className="farley__speech-bubble-container"
      >
        <div
          className="speech-bubble"
        >
          <div
            className="speech-bubble__text-container"
          >
            <div
              className="speech-bubble__pointer-container"
            />
          </div>
        </div>
      </div>
    </div>
  </div>
  <div
    className="Autocomplete-client__Footer-container"
  >
    <div
      className="footer"
    />
  </div>
</div>
`;
