// Jest Snapshot v1, https://goo.gl/fbAQLP

exports[`When the Option component is created and the isSelected prop is set to false should render correctly 1`] = `
<div
  className="option-container__text"
  onClick={[Function]}
  style={
    Object {
      "color": "",
    }
  }
>
  test_option
</div>
`;

exports[`When the Option component is created and the isSelected prop is set to true should render correctly 1`] = `
<div
  className="option-container__text"
  onClick={[Function]}
  style={
    Object {
      "color": "",
    }
  }
>
  test_option
</div>
`;
